c:\users\afan\source\repos\oop projects\oop projects\x64\debug\vc143.pdb
c:\users\afan\source\repos\oop projects\oop projects\x64\debug\mainform.obj
c:\users\afan\source\repos\oop projects\oop projects\x64\debug\timebasedrule.obj
c:\users\afan\source\repos\oop projects\oop projects\x64\debug\source.obj
c:\users\afan\source\repos\oop projects\oop projects\x64\debug\ruleengine.obj
c:\users\afan\source\repos\oop projects\oop projects\x64\debug\rule.obj
c:\users\afan\desktop\oop projects\oop projects\x64\debug\vc143.pdb
c:\users\afan\desktop\oop projects\oop projects\x64\debug\.netframework,version=v4.7.2.assemblyattributes.obj
c:\users\afan\desktop\oop projects\oop projects\x64\debug\mainform.obj
c:\users\afan\desktop\oop projects\oop projects\x64\debug\timebasedrule.obj
c:\users\afan\desktop\oop projects\oop projects\x64\debug\source.obj
c:\users\afan\desktop\oop projects\oop projects\x64\debug\ruleengine.obj
c:\users\afan\desktop\oop projects\oop projects\x64\debug\rule.obj
c:\users\afan\desktop\oop projects\oop projects\x64\debug\packet.obj
c:\users\afan\desktop\oop projects\oop projects\x64\debug\networkpacketcapture.obj
c:\users\afan\desktop\oop projects\oop projects\x64\debug\class.obj
c:\users\afan\source\repos\oop projects\oop projects\x64\debug\packet.obj
c:\users\afan\source\repos\oop projects\oop projects\x64\debug\networkpacketcapture.obj
c:\users\afan\source\repos\oop projects\oop projects\x64\debug\.netframework,version=v4.7.2.assemblyattributes.obj
c:\users\afan\source\repos\oop projects\oop projects\x64\debug\class.obj
c:\users\afan\source\repos\oop projects\x64\debug\oop projects.exe
c:\users\afan\source\repos\oop projects\x64\debug\oop projects.pdb
c:\users\afan\source\repos\oop projects\oop projects\x64\debug\oop project.res
c:\users\afan\desktop\oop projects\oop projects\x64\debug\oop project.res
c:\users\afan\source\repos\oop projects\oop projects\x64\debug\oop projects.tlog\cl.command.1.tlog
c:\users\afan\source\repos\oop projects\oop projects\x64\debug\oop projects.tlog\cl.items.tlog
c:\users\afan\source\repos\oop projects\oop projects\x64\debug\oop projects.tlog\cl.read.1.tlog
c:\users\afan\source\repos\oop projects\oop projects\x64\debug\oop projects.tlog\cl.write.1.tlog
c:\users\afan\source\repos\oop projects\oop projects\x64\debug\oop projects.tlog\link.command.1.tlog
c:\users\afan\source\repos\oop projects\oop projects\x64\debug\oop projects.tlog\link.read.1.tlog
c:\users\afan\source\repos\oop projects\oop projects\x64\debug\oop projects.tlog\link.secondary.1.tlog
c:\users\afan\source\repos\oop projects\oop projects\x64\debug\oop projects.tlog\link.write.1.tlog
c:\users\afan\source\repos\oop projects\oop projects\x64\debug\oop projects.tlog\metagen.read.1.tlog
c:\users\afan\source\repos\oop projects\oop projects\x64\debug\oop projects.tlog\metagen.write.1.tlog
c:\users\afan\source\repos\oop projects\oop projects\x64\debug\oop projects.tlog\rc.command.1.tlog
c:\users\afan\source\repos\oop projects\oop projects\x64\debug\oop projects.tlog\rc.read.1.tlog
c:\users\afan\source\repos\oop projects\oop projects\x64\debug\oop projects.tlog\rc.write.1.tlog
c:\users\afan\source\repos\oop projects\oop projects\x64\debug\oop projects.tlog\resgen.command.1.tlog
c:\users\afan\source\repos\oop projects\oop projects\x64\debug\oop projects.tlog\resgen.read.1.tlog
c:\users\afan\source\repos\oop projects\oop projects\x64\debug\oop projects.tlog\resgen.write.1.tlog
